Seq35_lr_repeat_2_SNRdb_-8
Seq39_lr_repeat_1_SNRdb_30
Seq35_lr_repeat_0_SNRdb_60
Seq31_lr_repeat_2_SNRdb_-8
Seq26_lr_repeat_2_SNRdb_-8
Seq37_lr_repeat_1_SNRdb_0
Seq41_lr_repeat_0_SNRdb_0
Seq27_lr_repeat_2_SNRdb_15
Seq39_lr_repeat_0_SNRdb_-8
Seq26_lr_repeat_2_SNRdb_-18
Seq29_lr_repeat_2_SNRdb_60
Seq38_lr_repeat_0_SNRdb_30
Seq39_lr_repeat_1_SNRdb_-18
AudioBand4f
Seq42_lr_repeat_2_SNRdb_15
Seq36_lr_repeat_2_SNRdb_30
Seq36_lr_repeat_1_SNRdb_30
Seq25_lr_repeat_2_SNRdb_30
Seq26_lr_repeat_1_SNRdb_60
Seq31_lr_repeat_1_SNRdb_0
Seq43_lr_repeat_1_SNRdb_30
Seq25_lr_repeat_0_SNRdb_-8
Seq30_lr_repeat_1_SNRdb_-18
Seq37_lr_repeat_1_SNRdb_60
Seq34_lr_repeat_1_SNRdb_15
Seq34_lr_repeat_2_SNRdb_15
Seq27_lr_repeat_1_SNRdb_15
AudioBand1c
Seq33_lr_repeat_2_SNRdb_15
Seq34_lr_repeat_2_SNRdb_-8
Seq33_lr_repeat_2_SNRdb_-18
Seq42_lr_repeat_2_SNRdb_-18
Seq33_lr_repeat_2_SNRdb_30
Seq43_lr_repeat_2_SNRdb_60
Seq43_lr_repeat_0_SNRdb_-18
Seq41_lr_repeat_0_SNRdb_60
Seq36_lr_repeat_2_SNRdb_60
Seq28_lr_repeat_0_SNRdb_15
Seq41_lr_repeat_2_SNRdb_15
Seq29_lr_repeat_2_SNRdb_-8
Seq27_lr_repeat_1_SNRdb_-18
Seq40_lr_repeat_1_SNRdb_15
Memo1
Seq38_lr_repeat_1_SNRdb_-18
Memo3
Seq28_lr_repeat_1_SNRdb_-18
AudioBand8a
Seq25_lr_repeat_0_SNRdb_-18
Seq28_lr_repeat_2_SNRdb_-8
Seq30_lr_repeat_1_SNRdb_0
Seq26_lr_repeat_0_SNRdb_30
Seq35_lr_repeat_0_SNRdb_15
Seq25_lr_repeat_1_SNRdb_-8
Seq43_lr_repeat_1_SNRdb_0
Seq30_lr_repeat_1_SNRdb_15
Seq25_lr_repeat_2_SNRdb_0
Seq30_lr_repeat_0_SNRdb_60
AudioBand9a
AudioBand10a
Seq26_lr_repeat_2_SNRdb_15
Seq27_lr_repeat_2_SNRdb_-8
Seq41_lr_repeat_1_SNRdb_0
Seq26_lr_repeat_1_SNRdb_30
Seq37_lr_repeat_2_SNRdb_60
Seq34_lr_repeat_0_SNRdb_60
Seq31_lr_repeat_1_SNRdb_-18
Seq25_lr_repeat_0_SNRdb_30
Seq39_lr_repeat_1_SNRdb_60
Seq34_lr_repeat_2_SNRdb_30
Seq26_lr_repeat_2_SNRdb_60
Seq43_lr_repeat_2_SNRdb_15
Seq36_lr_repeat_1_SNRdb_-8
Seq42_lr_repeat_1_SNRdb_30
Seq35_lr_repeat_1_SNRdb_15
Seq38_lr_repeat_0_SNRdb_15
Seq37_lr_repeat_0_SNRdb_60
Seq26_lr_repeat_1_SNRdb_15
Seq35_lr_repeat_2_SNRdb_30
Seq32_lr_repeat_2_SNRdb_0
