Seq39_lr_repeat_2_SNRdb_-8
AudioBand4b
Seq29_lr_repeat_2_SNRdb_-18
Seq36_lr_repeat_2_SNRdb_15
Seq39_lr_repeat_2_SNRdb_-18
Seq40_lr_repeat_0_SNRdb_60
Seq43_lr_repeat_0_SNRdb_30
Seq39_lr_repeat_0_SNRdb_30
Seq41_lr_repeat_1_SNRdb_15
Seq26_lr_repeat_1_SNRdb_-8
Seq29_lr_repeat_0_SNRdb_30
AudioBand1d
Seq38_lr_repeat_1_SNRdb_-8
AudioBand4c
Seq44_lr_repeat_1_SNRdb_30
Seq41_lr_repeat_1_SNRdb_30
Seq31_lr_repeat_2_SNRdb_-18
Seq42_lr_repeat_2_SNRdb_0
Seq39_lr_repeat_1_SNRdb_15
Seq33_lr_repeat_1_SNRdb_15
Seq42_lr_repeat_1_SNRdb_-8
Seq26_lr_repeat_1_SNRdb_0
Seq29_lr_repeat_1_SNRdb_0
Seq40_lr_repeat_0_SNRdb_-18
Seq33_lr_repeat_0_SNRdb_0
Seq27_lr_repeat_2_SNRdb_30
Seq27_lr_repeat_2_SNRdb_0
Seq41_lr_repeat_2_SNRdb_60
Seq32_lr_repeat_0_SNRdb_-18
Seq40_lr_repeat_0_SNRdb_15
Seq40_lr_repeat_2_SNRdb_-18
Seq32_lr_repeat_0_SNRdb_0
Seq34_lr_repeat_0_SNRdb_30
Seq33_lr_repeat_0_SNRdb_30
Seq29_lr_repeat_1_SNRdb_30
Seq33_lr_repeat_1_SNRdb_-8
Seq32_lr_repeat_0_SNRdb_15
Seq44_lr_repeat_1_SNRdb_0
Seq27_lr_repeat_1_SNRdb_60
Seq33_lr_repeat_1_SNRdb_30
Seq29_lr_repeat_1_SNRdb_15
Seq38_lr_repeat_2_SNRdb_60
Seq25_lr_repeat_1_SNRdb_60
Seq44_lr_repeat_0_SNRdb_-18
Seq38_lr_repeat_0_SNRdb_0
Seq36_lr_repeat_0_SNRdb_30
Seq42_lr_repeat_0_SNRdb_30
Seq39_lr_repeat_0_SNRdb_-18
Seq35_lr_repeat_1_SNRdb_30
Seq39_lr_repeat_2_SNRdb_30
Seq39_lr_repeat_1_SNRdb_-8
Seq33_lr_repeat_0_SNRdb_60
Seq30_lr_repeat_0_SNRdb_-8
Seq35_lr_repeat_0_SNRdb_0
Seq26_lr_repeat_0_SNRdb_-8
Seq43_lr_repeat_0_SNRdb_-8
Seq27_lr_repeat_0_SNRdb_60
Seq38_lr_repeat_0_SNRdb_60
Seq32_lr_repeat_1_SNRdb_0
Seq37_lr_repeat_0_SNRdb_30
Seq28_lr_repeat_2_SNRdb_60
Memo8
Seq31_lr_repeat_1_SNRdb_15
Seq42_lr_repeat_1_SNRdb_60
Seq42_lr_repeat_1_SNRdb_-18
Seq30_lr_repeat_2_SNRdb_60
Seq35_lr_repeat_1_SNRdb_-8
Seq33_lr_repeat_2_SNRdb_-8
AudioBand4g
Seq37_lr_repeat_1_SNRdb_30
Seq28_lr_repeat_1_SNRdb_15
Seq40_lr_repeat_0_SNRdb_30
Seq32_lr_repeat_2_SNRdb_-18
Seq38_lr_repeat_1_SNRdb_15
Seq44_lr_repeat_0_SNRdb_-8
Seq44_lr_repeat_1_SNRdb_60
Seq28_lr_repeat_1_SNRdb_30
Seq25_lr_repeat_1_SNRdb_-18
AudioBand1a
Seq36_lr_repeat_1_SNRdb_15
Seq31_lr_repeat_0_SNRdb_60
Seq28_lr_repeat_1_SNRdb_0
Seq40_lr_repeat_2_SNRdb_60
Seq42_lr_repeat_0_SNRdb_0
Seq40_lr_repeat_2_SNRdb_-8
Seq28_lr_repeat_0_SNRdb_30
Seq41_lr_repeat_2_SNRdb_-8
Seq35_lr_repeat_1_SNRdb_0
Seq26_lr_repeat_0_SNRdb_15
Seq41_lr_repeat_0_SNRdb_30
Seq44_lr_repeat_0_SNRdb_60
Seq36_lr_repeat_1_SNRdb_-18
Seq32_lr_repeat_2_SNRdb_15
Seq40_lr_repeat_1_SNRdb_-8
Seq26_lr_repeat_0_SNRdb_0
Seq42_lr_repeat_1_SNRdb_0
Seq40_lr_repeat_0_SNRdb_0
Seq41_lr_repeat_2_SNRdb_-18
Memo4
AudioBand7a
Seq40_lr_repeat_2_SNRdb_0
Seq44_lr_repeat_1_SNRdb_-8
AudioBand4e
Seq35_lr_repeat_1_SNRdb_-18
Seq37_lr_repeat_2_SNRdb_0
Seq37_lr_repeat_2_SNRdb_30
Seq38_lr_repeat_1_SNRdb_0
Seq35_lr_repeat_2_SNRdb_-18
Seq30_lr_repeat_0_SNRdb_0
Seq36_lr_repeat_2_SNRdb_-18
Seq27_lr_repeat_1_SNRdb_30
Seq29_lr_repeat_2_SNRdb_0
Seq37_lr_repeat_1_SNRdb_-18
Seq26_lr_repeat_0_SNRdb_60
Seq29_lr_repeat_1_SNRdb_60
Seq26_lr_repeat_2_SNRdb_30
Seq38_lr_repeat_2_SNRdb_15
Seq41_lr_repeat_0_SNRdb_-8
Seq29_lr_repeat_0_SNRdb_-8
Seq39_lr_repeat_0_SNRdb_15
Seq29_lr_repeat_0_SNRdb_15
Seq30_lr_repeat_2_SNRdb_-18
Memo10
Seq27_lr_repeat_2_SNRdb_-18
Seq35_lr_repeat_0_SNRdb_-18
Seq25_lr_repeat_1_SNRdb_0
Seq28_lr_repeat_2_SNRdb_-18
Seq43_lr_repeat_2_SNRdb_-8
Seq40_lr_repeat_1_SNRdb_60
Seq31_lr_repeat_0_SNRdb_-18
Seq31_lr_repeat_2_SNRdb_60
Seq32_lr_repeat_0_SNRdb_-8
Seq40_lr_repeat_2_SNRdb_15
Seq32_lr_repeat_1_SNRdb_-18
Seq27_lr_repeat_0_SNRdb_30
AudioBand5a
Seq42_lr_repeat_0_SNRdb_-8
Seq26_lr_repeat_2_SNRdb_0
Seq35_lr_repeat_0_SNRdb_-8
Seq36_lr_repeat_0_SNRdb_15
Seq35_lr_repeat_1_SNRdb_60
Seq36_lr_repeat_0_SNRdb_60
Seq44_lr_repeat_2_SNRdb_60
Seq27_lr_repeat_0_SNRdb_15
Seq37_lr_repeat_1_SNRdb_15
AudioBand1e
Seq39_lr_repeat_0_SNRdb_0
Seq36_lr_repeat_1_SNRdb_0
Seq37_lr_repeat_2_SNRdb_-8
Seq26_lr_repeat_1_SNRdb_-18
Seq30_lr_repeat_1_SNRdb_-8
Seq31_lr_repeat_2_SNRdb_0
Seq38_lr_repeat_1_SNRdb_30
Seq36_lr_repeat_0_SNRdb_-18
Seq35_lr_repeat_2_SNRdb_15
Seq38_lr_repeat_2_SNRdb_0
Seq42_lr_repeat_0_SNRdb_15
Seq34_lr_repeat_1_SNRdb_-18
Seq43_lr_repeat_2_SNRdb_-18
Seq34_lr_repeat_1_SNRdb_0
Seq27_lr_repeat_0_SNRdb_0
Seq32_lr_repeat_2_SNRdb_30
Memo2
Seq31_lr_repeat_2_SNRdb_15
Seq25_lr_repeat_2_SNRdb_-18
Seq34_lr_repeat_2_SNRdb_0
Seq37_lr_repeat_0_SNRdb_-18
Seq25_lr_repeat_2_SNRdb_15
AudioBand7b
Seq29_lr_repeat_0_SNRdb_-18
Seq41_lr_repeat_1_SNRdb_-18
Seq31_lr_repeat_0_SNRdb_0
Seq37_lr_repeat_2_SNRdb_-18
Seq40_lr_repeat_2_SNRdb_30
Seq38_lr_repeat_2_SNRdb_30
Seq43_lr_repeat_2_SNRdb_30
Seq44_lr_repeat_2_SNRdb_-8
Seq34_lr_repeat_1_SNRdb_60
Seq29_lr_repeat_0_SNRdb_0
Seq42_lr_repeat_2_SNRdb_30
Seq28_lr_repeat_0_SNRdb_-8
Seq31_lr_repeat_1_SNRdb_30
Seq33_lr_repeat_1_SNRdb_0
Seq37_lr_repeat_0_SNRdb_15
Seq31_lr_repeat_0_SNRdb_-8
Seq30_lr_repeat_2_SNRdb_30
Seq32_lr_repeat_2_SNRdb_60
Seq27_lr_repeat_1_SNRdb_0
Seq34_lr_repeat_0_SNRdb_0
Seq39_lr_repeat_1_SNRdb_0
AudioBand11b
Memo5
Seq31_lr_repeat_1_SNRdb_60
Memo6
Seq43_lr_repeat_0_SNRdb_15
Seq34_lr_repeat_1_SNRdb_30
Seq39_lr_repeat_0_SNRdb_60
Seq27_lr_repeat_1_SNRdb_-8
Seq30_lr_repeat_0_SNRdb_15
Seq33_lr_repeat_1_SNRdb_60
AudioBand6a
Seq31_lr_repeat_2_SNRdb_30
Seq41_lr_repeat_1_SNRdb_-8
Seq30_lr_repeat_2_SNRdb_15
Seq42_lr_repeat_0_SNRdb_-18
Seq36_lr_repeat_2_SNRdb_-8
Seq37_lr_repeat_0_SNRdb_-8
Seq33_lr_repeat_2_SNRdb_60
AudioBand1b
Seq32_lr_repeat_1_SNRdb_60
Seq28_lr_repeat_0_SNRdb_0
Memo9
Seq44_lr_repeat_0_SNRdb_30
Seq28_lr_repeat_1_SNRdb_60
Seq32_lr_repeat_0_SNRdb_30
Seq34_lr_repeat_0_SNRdb_15
Seq28_lr_repeat_2_SNRdb_30
Seq30_lr_repeat_1_SNRdb_30
Seq33_lr_repeat_0_SNRdb_15
Seq40_lr_repeat_1_SNRdb_30
Seq38_lr_repeat_0_SNRdb_-18
Seq44_lr_repeat_0_SNRdb_0
Seq44_lr_repeat_1_SNRdb_-18
Seq25_lr_repeat_0_SNRdb_15
Seq28_lr_repeat_1_SNRdb_-8
Seq30_lr_repeat_0_SNRdb_-18
Seq38_lr_repeat_1_SNRdb_60
Seq32_lr_repeat_0_SNRdb_60
Seq43_lr_repeat_1_SNRdb_-8
Seq40_lr_repeat_1_SNRdb_-18
Seq33_lr_repeat_2_SNRdb_0
Seq29_lr_repeat_1_SNRdb_-8
Seq27_lr_repeat_0_SNRdb_-8
Seq34_lr_repeat_0_SNRdb_-18
Seq25_lr_repeat_0_SNRdb_0
Seq43_lr_repeat_0_SNRdb_0
Seq40_lr_repeat_1_SNRdb_0
Seq43_lr_repeat_1_SNRdb_60
Seq37_lr_repeat_2_SNRdb_15
Seq31_lr_repeat_0_SNRdb_30
Seq36_lr_repeat_0_SNRdb_-8
Seq43_lr_repeat_2_SNRdb_0
Seq25_lr_repeat_2_SNRdb_-8
AudioBand4a
Seq35_lr_repeat_2_SNRdb_0
Seq35_lr_repeat_0_SNRdb_30
Seq39_lr_repeat_2_SNRdb_0
Seq32_lr_repeat_2_SNRdb_-8
Seq29_lr_repeat_2_SNRdb_15
Seq25_lr_repeat_1_SNRdb_15
Seq30_lr_repeat_2_SNRdb_0
Seq37_lr_repeat_0_SNRdb_0
Seq43_lr_repeat_1_SNRdb_15
Seq29_lr_repeat_2_SNRdb_30
Seq25_lr_repeat_2_SNRdb_60
Seq35_lr_repeat_2_SNRdb_60
Seq39_lr_repeat_2_SNRdb_60
Seq38_lr_repeat_0_SNRdb_-8
Seq38_lr_repeat_2_SNRdb_-18
Seq33_lr_repeat_0_SNRdb_-8
Seq30_lr_repeat_2_SNRdb_-8
Seq29_lr_repeat_1_SNRdb_-18
Seq28_lr_repeat_0_SNRdb_60
Seq28_lr_repeat_0_SNRdb_-18
Seq42_lr_repeat_0_SNRdb_60
Seq34_lr_repeat_2_SNRdb_-18
Seq37_lr_repeat_1_SNRdb_-8
Seq34_lr_repeat_2_SNRdb_60
Seq27_lr_repeat_0_SNRdb_-18
Seq41_lr_repeat_2_SNRdb_30
Seq44_lr_repeat_2_SNRdb_0
AudioBand9b
Seq30_lr_repeat_1_SNRdb_60
AudioBand11a
Seq32_lr_repeat_1_SNRdb_30
Seq41_lr_repeat_0_SNRdb_15
Seq41_lr_repeat_2_SNRdb_0
Seq28_lr_repeat_2_SNRdb_0
Seq32_lr_repeat_1_SNRdb_15
Seq31_lr_repeat_1_SNRdb_-8
Seq33_lr_repeat_1_SNRdb_-18
Seq44_lr_repeat_2_SNRdb_-18
Seq42_lr_repeat_2_SNRdb_-8
Seq44_lr_repeat_0_SNRdb_15
Seq38_lr_repeat_2_SNRdb_-8
Seq36_lr_repeat_1_SNRdb_60
Seq44_lr_repeat_1_SNRdb_15
Seq40_lr_repeat_0_SNRdb_-8
Seq33_lr_repeat_0_SNRdb_-18
Seq36_lr_repeat_0_SNRdb_0
Seq42_lr_repeat_1_SNRdb_15
Seq41_lr_repeat_0_SNRdb_-18
Seq29_lr_repeat_0_SNRdb_60
Seq34_lr_repeat_0_SNRdb_-8
Seq28_lr_repeat_2_SNRdb_15
Seq41_lr_repeat_1_SNRdb_60
Seq32_lr_repeat_1_SNRdb_-8
Memo7
Seq39_lr_repeat_2_SNRdb_15
Seq42_lr_repeat_2_SNRdb_60
Seq36_lr_repeat_2_SNRdb_0
Seq43_lr_repeat_1_SNRdb_-18
Seq34_lr_repeat_1_SNRdb_-8
Seq26_lr_repeat_0_SNRdb_-18
Seq27_lr_repeat_2_SNRdb_60
Seq31_lr_repeat_0_SNRdb_15
Seq43_lr_repeat_0_SNRdb_60
Seq30_lr_repeat_0_SNRdb_30
Seq44_lr_repeat_2_SNRdb_30
Seq44_lr_repeat_2_SNRdb_15
Seq25_lr_repeat_1_SNRdb_30
Seq25_lr_repeat_0_SNRdb_60
